python : c:\Users\reolo\.virtualenvs\pockepocke-vJKWFngs\Lib\site-packages\pyte
st_asyncio\plugin.py:207: PytestDeprecationWarning: The configuration option "a
syncio_default_fixture_loop_scope" is unset.
発生場所 行:1 文字:1
+ python -m pytest tests/AI/test_monte_carlo_gene.py -vv > test_output. ...
+ ~~~~~~~~~~~~~~~~~~~~~~~~~~~~~~~~~~~~~~~~~~~~~~~~~~~~~~~~~~~~~~~~~~~~~
    + CategoryInfo          : NotSpecified: (c:\Users\reolo\...cope" is unset. 
   :String) [], RemoteException
    + FullyQualifiedErrorId : NativeCommandError
 
The event loop scope for asynchronous fixtures will default to the fixture cach
ing scope. Future versions of pytest-asyncio will default the loop scope for as
ynchronous fixtures to function scope. Set the default fixture loop scope expli
citly in order to avoid unexpected behavior in the future. Valid fixture loop s
copes are: "function", "class", "module", "package", "session"

  warnings.warn(PytestDeprecationWarning(_DEFAULT_FIXTURE_LOOP_SCOPE_UNSET))
============================= test session starts =============================
platform win32 -- Python 3.13.1, pytest-8.3.4, pluggy-1.5.0 -- C:\Users\reolo\.virtualenvs\pockepocke-vJKWFngs\Scripts\python.exe
cachedir: .pytest_cache
rootdir: D:\Study\Web\pockepocket\pockepocke
configfile: pytest.ini
plugins: anyio-4.8.0, asyncio-0.25.2
asyncio: mode=Mode.STRICT, asyncio_default_fixture_loop_scope=None
collecting ... collected 2 items

